Component: Arm Compiler for Embedded 6.21 Tool: armlink [5ec1fa00]

==============================================================================

Section Cross References

    blinky.o(.text) refers to blinky.o(.bss.msTicks) for msTicks
    blinky.o(.text) refers to printf1.o(i.__0printf$1) for __2printf
    blinky.o(.text) refers to led_nucleo-l476rg.o(.text) for LED_GetCount
    blinky.o(.text) refers to system_stm32l4xx.o(.text) for SystemCoreClockUpdate
    blinky.o(.text) refers to buttons_nucleo-l476rg.o(.text) for Buttons_Initialize
    blinky.o(.text) refers to stdout_usart.o(.text) for stdout_init
    blinky.o(.text) refers to system_stm32l4xx.o(.data.SystemCoreClock) for SystemCoreClock
    blinky.o(.ARM.exidx) refers to blinky.o(.text) for [Anonymous Symbol]
    stdout_usart.o(.ARM.exidx) refers to stdout_usart.o(.text) for [Anonymous Symbol]
    buttons_nucleo-l476rg.o(.ARM.exidx) refers to buttons_nucleo-l476rg.o(.text) for [Anonymous Symbol]
    led_nucleo-l476rg.o(.ARM.exidx) refers to led_nucleo-l476rg.o(.text) for [Anonymous Symbol]
    retarget_io.o(.text) refers to stdout.o(.data) for __stdout
    retarget_io.o(.text) refers to stdout_usart.o(.text) for stdout_putchar
    retarget_io.o(.text) refers to stderr.o(.data) for __stderr
    retarget_io.o(.text) refers to fwrite.o(i.fwrite) for fwrite
    retarget_io.o(.text) refers to fputs.o(i.fputs) for fputs
    retarget_io.o(.ARM.exidx) refers to retarget_io.o(.text) for [Anonymous Symbol]
    startup_stm32l476xx.o(RESET) refers to startup_stm32l476xx.o(STACK) for __initial_sp
    startup_stm32l476xx.o(RESET) refers to startup_stm32l476xx.o(.text) for Reset_Handler
    startup_stm32l476xx.o(RESET) refers to blinky.o(.text) for SysTick_Handler
    startup_stm32l476xx.o(.text) refers to system_stm32l4xx.o(.text) for SystemInit
    startup_stm32l476xx.o(.text) refers to entry.o(.ARM.Collect$$$$00000000) for __main
    system_stm32l4xx.o(.text) refers to system_stm32l4xx.o(.rodata.MSIRangeTable) for MSIRangeTable
    system_stm32l4xx.o(.text) refers to system_stm32l4xx.o(.data.SystemCoreClock) for SystemCoreClock
    system_stm32l4xx.o(.text) refers to system_stm32l4xx.o(.rodata.AHBPrescTable) for AHBPrescTable
    system_stm32l4xx.o(.ARM.exidx) refers to system_stm32l4xx.o(.text) for [Anonymous Symbol]
    entry.o(.ARM.Collect$$$$00000000) refers (Special) to entry10a.o(.ARM.Collect$$$$0000000D) for __rt_final_cpp
    entry.o(.ARM.Collect$$$$00000000) refers (Special) to entry11a.o(.ARM.Collect$$$$0000000F) for __rt_final_exit
    entry.o(.ARM.Collect$$$$00000000) refers (Special) to entry7b.o(.ARM.Collect$$$$00000008) for _main_clock
    entry.o(.ARM.Collect$$$$00000000) refers (Special) to entry8b.o(.ARM.Collect$$$$0000000A) for _main_cpp_init
    entry.o(.ARM.Collect$$$$00000000) refers (Special) to entry9a.o(.ARM.Collect$$$$0000000B) for _main_init
    entry.o(.ARM.Collect$$$$00000000) refers (Special) to entry5.o(.ARM.Collect$$$$00000004) for _main_scatterload
    entry.o(.ARM.Collect$$$$00000000) refers (Special) to entry2.o(.ARM.Collect$$$$00000001) for _main_stk
    fputs.o(i.fputs) refers to retarget_io.o(.text) for fputc
    fwrite.o(i.fwrite) refers to retarget_io.o(.text) for fputc
    fputs_e.o(.text) refers to retarget_io.o(.text) for fputc
    fwrite_e.o(.text) refers to retarget_io.o(.text) for fputc
    printfb.o(i.__0fprintf$bare) refers to printfb.o(i._printf_core) for _printf_core
    printfb.o(i.__0fprintf$bare) refers to retarget_io.o(.text) for fputc
    printfb.o(i.__0printf$bare) refers to printfb.o(i._printf_core) for _printf_core
    printfb.o(i.__0printf$bare) refers to retarget_io.o(.text) for fputc
    printfb.o(i.__0printf$bare) refers to stdout.o(.data) for __stdout
    printfb.o(i.__0snprintf$bare) refers to printfb.o(i._printf_core) for _printf_core
    printfb.o(i.__0snprintf$bare) refers to printfb.o(i._snputc) for _snputc
    printfb.o(i.__0sprintf$bare) refers to printfb.o(i._printf_core) for _printf_core
    printfb.o(i.__0sprintf$bare) refers to printfb.o(i._sputc) for _sputc
    printfb.o(i.__0vfprintf$bare) refers to printfb.o(i._printf_core) for _printf_core
    printfb.o(i.__0vfprintf$bare) refers to retarget_io.o(.text) for fputc
    printfb.o(i.__0vprintf$bare) refers to printfb.o(i._printf_core) for _printf_core
    printfb.o(i.__0vprintf$bare) refers to retarget_io.o(.text) for fputc
    printfb.o(i.__0vprintf$bare) refers to stdout.o(.data) for __stdout
    printfb.o(i.__0vsnprintf$bare) refers to printfb.o(i._printf_core) for _printf_core
    printfb.o(i.__0vsnprintf$bare) refers to printfb.o(i._snputc) for _snputc
    printfb.o(i.__0vsprintf$bare) refers to printfb.o(i._printf_core) for _printf_core
    printfb.o(i.__0vsprintf$bare) refers to printfb.o(i._sputc) for _sputc
    printf0.o(i.__0fprintf$0) refers to printf0.o(i._printf_core) for _printf_core
    printf0.o(i.__0fprintf$0) refers to retarget_io.o(.text) for fputc
    printf0.o(i.__0printf$0) refers to printf0.o(i._printf_core) for _printf_core
    printf0.o(i.__0printf$0) refers to retarget_io.o(.text) for fputc
    printf0.o(i.__0printf$0) refers to stdout.o(.data) for __stdout
    printf0.o(i.__0snprintf$0) refers to printf0.o(i._printf_core) for _printf_core
    printf0.o(i.__0snprintf$0) refers to printf0.o(i._snputc) for _snputc
    printf0.o(i.__0sprintf$0) refers to printf0.o(i._printf_core) for _printf_core
    printf0.o(i.__0sprintf$0) refers to printf0.o(i._sputc) for _sputc
    printf0.o(i.__0vfprintf$0) refers to printf0.o(i._printf_core) for _printf_core
    printf0.o(i.__0vfprintf$0) refers to retarget_io.o(.text) for fputc
    printf0.o(i.__0vprintf$0) refers to printf0.o(i._printf_core) for _printf_core
    printf0.o(i.__0vprintf$0) refers to retarget_io.o(.text) for fputc
    printf0.o(i.__0vprintf$0) refers to stdout.o(.data) for __stdout
    printf0.o(i.__0vsnprintf$0) refers to printf0.o(i._printf_core) for _printf_core
    printf0.o(i.__0vsnprintf$0) refers to printf0.o(i._snputc) for _snputc
    printf0.o(i.__0vsprintf$0) refers to printf0.o(i._printf_core) for _printf_core
    printf0.o(i.__0vsprintf$0) refers to printf0.o(i._sputc) for _sputc
    printf1.o(i.__0fprintf$1) refers to printf1.o(i._printf_core) for _printf_core
    printf1.o(i.__0fprintf$1) refers to retarget_io.o(.text) for fputc
    printf1.o(i.__0printf$1) refers to printf1.o(i._printf_core) for _printf_core
    printf1.o(i.__0printf$1) refers to retarget_io.o(.text) for fputc
    printf1.o(i.__0printf$1) refers to stdout.o(.data) for __stdout
    printf1.o(i.__0snprintf$1) refers to printf1.o(i._printf_core) for _printf_core
    printf1.o(i.__0snprintf$1) refers to printf1.o(i._snputc) for _snputc
    printf1.o(i.__0sprintf$1) refers to printf1.o(i._printf_core) for _printf_core
    printf1.o(i.__0sprintf$1) refers to printf1.o(i._sputc) for _sputc
    printf1.o(i.__0vfprintf$1) refers to printf1.o(i._printf_core) for _printf_core
    printf1.o(i.__0vfprintf$1) refers to retarget_io.o(.text) for fputc
    printf1.o(i.__0vprintf$1) refers to printf1.o(i._printf_core) for _printf_core
    printf1.o(i.__0vprintf$1) refers to retarget_io.o(.text) for fputc
    printf1.o(i.__0vprintf$1) refers to stdout.o(.data) for __stdout
    printf1.o(i.__0vsnprintf$1) refers to printf1.o(i._printf_core) for _printf_core
    printf1.o(i.__0vsnprintf$1) refers to printf1.o(i._snputc) for _snputc
    printf1.o(i.__0vsprintf$1) refers to printf1.o(i._printf_core) for _printf_core
    printf1.o(i.__0vsprintf$1) refers to printf1.o(i._sputc) for _sputc
    printf1.o(i._printf_core) refers to uidiv.o(.text) for __aeabi_uidivmod
    printf2.o(i.__0fprintf$2) refers to printf2.o(i._printf_core) for _printf_core
    printf2.o(i.__0fprintf$2) refers to retarget_io.o(.text) for fputc
    printf2.o(i.__0printf$2) refers to printf2.o(i._printf_core) for _printf_core
    printf2.o(i.__0printf$2) refers to retarget_io.o(.text) for fputc
    printf2.o(i.__0printf$2) refers to stdout.o(.data) for __stdout
    printf2.o(i.__0snprintf$2) refers to printf2.o(i._printf_core) for _printf_core
    printf2.o(i.__0snprintf$2) refers to printf2.o(i._snputc) for _snputc
    printf2.o(i.__0sprintf$2) refers to printf2.o(i._printf_core) for _printf_core
    printf2.o(i.__0sprintf$2) refers to printf2.o(i._sputc) for _sputc
    printf2.o(i.__0vfprintf$2) refers to printf2.o(i._printf_core) for _printf_core
    printf2.o(i.__0vfprintf$2) refers to retarget_io.o(.text) for fputc
    printf2.o(i.__0vprintf$2) refers to printf2.o(i._printf_core) for _printf_core
    printf2.o(i.__0vprintf$2) refers to retarget_io.o(.text) for fputc
    printf2.o(i.__0vprintf$2) refers to stdout.o(.data) for __stdout
    printf2.o(i.__0vsnprintf$2) refers to printf2.o(i._printf_core) for _printf_core
    printf2.o(i.__0vsnprintf$2) refers to printf2.o(i._snputc) for _snputc
    printf2.o(i.__0vsprintf$2) refers to printf2.o(i._printf_core) for _printf_core
    printf2.o(i.__0vsprintf$2) refers to printf2.o(i._sputc) for _sputc
    printf3.o(i.__0fprintf$3) refers to printf3.o(i._printf_core) for _printf_core
    printf3.o(i.__0fprintf$3) refers to retarget_io.o(.text) for fputc
    printf3.o(i.__0printf$3) refers to printf3.o(i._printf_core) for _printf_core
    printf3.o(i.__0printf$3) refers to retarget_io.o(.text) for fputc
    printf3.o(i.__0printf$3) refers to stdout.o(.data) for __stdout
    printf3.o(i.__0snprintf$3) refers to printf3.o(i._printf_core) for _printf_core
    printf3.o(i.__0snprintf$3) refers to printf3.o(i._snputc) for _snputc
    printf3.o(i.__0sprintf$3) refers to printf3.o(i._printf_core) for _printf_core
    printf3.o(i.__0sprintf$3) refers to printf3.o(i._sputc) for _sputc
    printf3.o(i.__0vfprintf$3) refers to printf3.o(i._printf_core) for _printf_core
    printf3.o(i.__0vfprintf$3) refers to retarget_io.o(.text) for fputc
    printf3.o(i.__0vprintf$3) refers to printf3.o(i._printf_core) for _printf_core
    printf3.o(i.__0vprintf$3) refers to retarget_io.o(.text) for fputc
    printf3.o(i.__0vprintf$3) refers to stdout.o(.data) for __stdout
    printf3.o(i.__0vsnprintf$3) refers to printf3.o(i._printf_core) for _printf_core
    printf3.o(i.__0vsnprintf$3) refers to printf3.o(i._snputc) for _snputc
    printf3.o(i.__0vsprintf$3) refers to printf3.o(i._printf_core) for _printf_core
    printf3.o(i.__0vsprintf$3) refers to printf3.o(i._sputc) for _sputc
    printf3.o(i._printf_core) refers to uidiv.o(.text) for __aeabi_uidivmod
    printf4.o(i.__0fprintf$4) refers to printf4.o(i._printf_core) for _printf_core
    printf4.o(i.__0fprintf$4) refers to retarget_io.o(.text) for fputc
    printf4.o(i.__0printf$4) refers to printf4.o(i._printf_core) for _printf_core
    printf4.o(i.__0printf$4) refers to retarget_io.o(.text) for fputc
    printf4.o(i.__0printf$4) refers to stdout.o(.data) for __stdout
    printf4.o(i.__0snprintf$4) refers to printf4.o(i._printf_core) for _printf_core
    printf4.o(i.__0snprintf$4) refers to printf4.o(i._snputc) for _snputc
    printf4.o(i.__0sprintf$4) refers to printf4.o(i._printf_core) for _printf_core
    printf4.o(i.__0sprintf$4) refers to printf4.o(i._sputc) for _sputc
    printf4.o(i.__0vfprintf$4) refers to printf4.o(i._printf_core) for _printf_core
    printf4.o(i.__0vfprintf$4) refers to retarget_io.o(.text) for fputc
    printf4.o(i.__0vprintf$4) refers to printf4.o(i._printf_core) for _printf_core
    printf4.o(i.__0vprintf$4) refers to retarget_io.o(.text) for fputc
    printf4.o(i.__0vprintf$4) refers to stdout.o(.data) for __stdout
    printf4.o(i.__0vsnprintf$4) refers to printf4.o(i._printf_core) for _printf_core
    printf4.o(i.__0vsnprintf$4) refers to printf4.o(i._snputc) for _snputc
    printf4.o(i.__0vsprintf$4) refers to printf4.o(i._printf_core) for _printf_core
    printf4.o(i.__0vsprintf$4) refers to printf4.o(i._sputc) for _sputc
    printf4.o(i._printf_core) refers to uldiv.o(.text) for __aeabi_uldivmod
    printf5.o(i.__0fprintf$5) refers to printf5.o(i._printf_core) for _printf_core
    printf5.o(i.__0fprintf$5) refers to retarget_io.o(.text) for fputc
    printf5.o(i.__0printf$5) refers to printf5.o(i._printf_core) for _printf_core
    printf5.o(i.__0printf$5) refers to retarget_io.o(.text) for fputc
    printf5.o(i.__0printf$5) refers to stdout.o(.data) for __stdout
    printf5.o(i.__0snprintf$5) refers to printf5.o(i._printf_core) for _printf_core
    printf5.o(i.__0snprintf$5) refers to printf5.o(i._snputc) for _snputc
    printf5.o(i.__0sprintf$5) refers to printf5.o(i._printf_core) for _printf_core
    printf5.o(i.__0sprintf$5) refers to printf5.o(i._sputc) for _sputc
    printf5.o(i.__0vfprintf$5) refers to printf5.o(i._printf_core) for _printf_core
    printf5.o(i.__0vfprintf$5) refers to retarget_io.o(.text) for fputc
    printf5.o(i.__0vprintf$5) refers to printf5.o(i._printf_core) for _printf_core
    printf5.o(i.__0vprintf$5) refers to retarget_io.o(.text) for fputc
    printf5.o(i.__0vprintf$5) refers to stdout.o(.data) for __stdout
    printf5.o(i.__0vsnprintf$5) refers to printf5.o(i._printf_core) for _printf_core
    printf5.o(i.__0vsnprintf$5) refers to printf5.o(i._snputc) for _snputc
    printf5.o(i.__0vsprintf$5) refers to printf5.o(i._printf_core) for _printf_core
    printf5.o(i.__0vsprintf$5) refers to printf5.o(i._sputc) for _sputc
    printf5.o(i._printf_core) refers to uldiv.o(.text) for __aeabi_uldivmod
    printf6.o(i.__0fprintf$6) refers to printf6.o(i._printf_core) for _printf_core
    printf6.o(i.__0fprintf$6) refers to retarget_io.o(.text) for fputc
    printf6.o(i.__0printf$6) refers to printf6.o(i._printf_core) for _printf_core
    printf6.o(i.__0printf$6) refers to retarget_io.o(.text) for fputc
    printf6.o(i.__0printf$6) refers to stdout.o(.data) for __stdout
    printf6.o(i.__0snprintf$6) refers to printf6.o(i._printf_core) for _printf_core
    printf6.o(i.__0snprintf$6) refers to printf6.o(i._snputc) for _snputc
    printf6.o(i.__0sprintf$6) refers to printf6.o(i._printf_core) for _printf_core
    printf6.o(i.__0sprintf$6) refers to printf6.o(i._sputc) for _sputc
    printf6.o(i.__0vfprintf$6) refers to printf6.o(i._printf_core) for _printf_core
    printf6.o(i.__0vfprintf$6) refers to retarget_io.o(.text) for fputc
    printf6.o(i.__0vprintf$6) refers to printf6.o(i._printf_core) for _printf_core
    printf6.o(i.__0vprintf$6) refers to retarget_io.o(.text) for fputc
    printf6.o(i.__0vprintf$6) refers to stdout.o(.data) for __stdout
    printf6.o(i.__0vsnprintf$6) refers to printf6.o(i._printf_core) for _printf_core
    printf6.o(i.__0vsnprintf$6) refers to printf6.o(i._snputc) for _snputc
    printf6.o(i.__0vsprintf$6) refers to printf6.o(i._printf_core) for _printf_core
    printf6.o(i.__0vsprintf$6) refers to printf6.o(i._sputc) for _sputc
    printf6.o(i._printf_core) refers to printf6.o(i._printf_pre_padding) for _printf_pre_padding
    printf6.o(i._printf_core) refers to uidiv.o(.text) for __aeabi_uidivmod
    printf6.o(i._printf_core) refers to printf6.o(i._printf_post_padding) for _printf_post_padding
    printf7.o(i.__0fprintf$7) refers to printf7.o(i._printf_core) for _printf_core
    printf7.o(i.__0fprintf$7) refers to retarget_io.o(.text) for fputc
    printf7.o(i.__0printf$7) refers to printf7.o(i._printf_core) for _printf_core
    printf7.o(i.__0printf$7) refers to retarget_io.o(.text) for fputc
    printf7.o(i.__0printf$7) refers to stdout.o(.data) for __stdout
    printf7.o(i.__0snprintf$7) refers to printf7.o(i._printf_core) for _printf_core
    printf7.o(i.__0snprintf$7) refers to printf7.o(i._snputc) for _snputc
    printf7.o(i.__0sprintf$7) refers to printf7.o(i._printf_core) for _printf_core
    printf7.o(i.__0sprintf$7) refers to printf7.o(i._sputc) for _sputc
    printf7.o(i.__0vfprintf$7) refers to printf7.o(i._printf_core) for _printf_core
    printf7.o(i.__0vfprintf$7) refers to retarget_io.o(.text) for fputc
    printf7.o(i.__0vprintf$7) refers to printf7.o(i._printf_core) for _printf_core
    printf7.o(i.__0vprintf$7) refers to retarget_io.o(.text) for fputc
    printf7.o(i.__0vprintf$7) refers to stdout.o(.data) for __stdout
    printf7.o(i.__0vsnprintf$7) refers to printf7.o(i._printf_core) for _printf_core
    printf7.o(i.__0vsnprintf$7) refers to printf7.o(i._snputc) for _snputc
    printf7.o(i.__0vsprintf$7) refers to printf7.o(i._printf_core) for _printf_core
    printf7.o(i.__0vsprintf$7) refers to printf7.o(i._sputc) for _sputc
    printf7.o(i._printf_core) refers to printf7.o(i._printf_pre_padding) for _printf_pre_padding
    printf7.o(i._printf_core) refers to uldiv.o(.text) for __aeabi_uldivmod
    printf7.o(i._printf_core) refers to printf7.o(i._printf_post_padding) for _printf_post_padding
    printf8.o(i.__0fprintf$8) refers to printf8.o(i._printf_core) for _printf_core
    printf8.o(i.__0fprintf$8) refers to retarget_io.o(.text) for fputc
    printf8.o(i.__0printf$8) refers to printf8.o(i._printf_core) for _printf_core
    printf8.o(i.__0printf$8) refers to retarget_io.o(.text) for fputc
    printf8.o(i.__0printf$8) refers to stdout.o(.data) for __stdout
    printf8.o(i.__0snprintf$8) refers to printf8.o(i._printf_core) for _printf_core
    printf8.o(i.__0snprintf$8) refers to printf8.o(i._snputc) for _snputc
    printf8.o(i.__0sprintf$8) refers to printf8.o(i._printf_core) for _printf_core
    printf8.o(i.__0sprintf$8) refers to printf8.o(i._sputc) for _sputc
    printf8.o(i.__0vfprintf$8) refers to printf8.o(i._printf_core) for _printf_core
    printf8.o(i.__0vfprintf$8) refers to retarget_io.o(.text) for fputc
    printf8.o(i.__0vprintf$8) refers to printf8.o(i._printf_core) for _printf_core
    printf8.o(i.__0vprintf$8) refers to retarget_io.o(.text) for fputc
    printf8.o(i.__0vprintf$8) refers to stdout.o(.data) for __stdout
    printf8.o(i.__0vsnprintf$8) refers to printf8.o(i._printf_core) for _printf_core
    printf8.o(i.__0vsnprintf$8) refers to printf8.o(i._snputc) for _snputc
    printf8.o(i.__0vsprintf$8) refers to printf8.o(i._printf_core) for _printf_core
    printf8.o(i.__0vsprintf$8) refers to printf8.o(i._sputc) for _sputc
    printf8.o(i._printf_core) refers to printf8.o(i._printf_pre_padding) for _printf_pre_padding
    printf8.o(i._printf_core) refers to uldiv.o(.text) for __aeabi_uldivmod
    printf8.o(i._printf_core) refers to printf8.o(i._printf_post_padding) for _printf_post_padding
    printfa.o(i.__0fprintf) refers (Special) to iusefp.o(.text) for __I$use$fp
    printfa.o(i.__0fprintf) refers to printfa.o(i._printf_core) for _printf_core
    printfa.o(i.__0fprintf) refers to retarget_io.o(.text) for fputc
    printfa.o(i.__0printf) refers (Special) to iusefp.o(.text) for __I$use$fp
    printfa.o(i.__0printf) refers to printfa.o(i._printf_core) for _printf_core
    printfa.o(i.__0printf) refers to retarget_io.o(.text) for fputc
    printfa.o(i.__0printf) refers to stdout.o(.data) for __stdout
    printfa.o(i.__0snprintf) refers (Special) to iusefp.o(.text) for __I$use$fp
    printfa.o(i.__0snprintf) refers to printfa.o(i._printf_core) for _printf_core
    printfa.o(i.__0snprintf) refers to printfa.o(i._snputc) for _snputc
    printfa.o(i.__0sprintf) refers (Special) to iusefp.o(.text) for __I$use$fp
    printfa.o(i.__0sprintf) refers to printfa.o(i._printf_core) for _printf_core
    printfa.o(i.__0sprintf) refers to printfa.o(i._sputc) for _sputc
    printfa.o(i.__0vfprintf) refers (Special) to iusefp.o(.text) for __I$use$fp
    printfa.o(i.__0vfprintf) refers to printfa.o(i._printf_core) for _printf_core
    printfa.o(i.__0vfprintf) refers to retarget_io.o(.text) for fputc
    printfa.o(i.__0vprintf) refers (Special) to iusefp.o(.text) for __I$use$fp
    printfa.o(i.__0vprintf) refers to printfa.o(i._printf_core) for _printf_core
    printfa.o(i.__0vprintf) refers to retarget_io.o(.text) for fputc
    printfa.o(i.__0vprintf) refers to stdout.o(.data) for __stdout
    printfa.o(i.__0vsnprintf) refers (Special) to iusefp.o(.text) for __I$use$fp
    printfa.o(i.__0vsnprintf) refers to printfa.o(i._printf_core) for _printf_core
    printfa.o(i.__0vsnprintf) refers to printfa.o(i._snputc) for _snputc
    printfa.o(i.__0vsprintf) refers (Special) to iusefp.o(.text) for __I$use$fp
    printfa.o(i.__0vsprintf) refers to printfa.o(i._printf_core) for _printf_core
    printfa.o(i.__0vsprintf) refers to printfa.o(i._sputc) for _sputc
    printfa.o(i._fp_digits) refers (Special) to iusefp.o(.text) for __I$use$fp
    printfa.o(i._fp_digits) refers to dmul.o(.text) for __aeabi_dmul
    printfa.o(i._fp_digits) refers to ddiv.o(.text) for __aeabi_ddiv
    printfa.o(i._fp_digits) refers to cdrcmple.o(.text) for __aeabi_cdrcmple
    printfa.o(i._fp_digits) refers to dadd.o(.text) for __aeabi_dadd
    printfa.o(i._fp_digits) refers to dfixul.o(.text) for __aeabi_d2ulz
    printfa.o(i._fp_digits) refers to uldiv.o(.text) for __aeabi_uldivmod
    printfa.o(i._printf_core) refers (Special) to iusefp.o(.text) for __I$use$fp
    printfa.o(i._printf_core) refers to printfa.o(i._printf_pre_padding) for _printf_pre_padding
    printfa.o(i._printf_core) refers to uldiv.o(.text) for __aeabi_uldivmod
    printfa.o(i._printf_core) refers to printfa.o(i._printf_post_padding) for _printf_post_padding
    printfa.o(i._printf_core) refers to printfa.o(i._fp_digits) for _fp_digits
    printfa.o(i._printf_core) refers to uidiv.o(.text) for __aeabi_uidivmod
    printfa.o(i._printf_post_padding) refers (Special) to iusefp.o(.text) for __I$use$fp
    printfa.o(i._printf_pre_padding) refers (Special) to iusefp.o(.text) for __I$use$fp
    printfa.o(i._snputc) refers (Special) to iusefp.o(.text) for __I$use$fp
    printfa.o(i._sputc) refers (Special) to iusefp.o(.text) for __I$use$fp
    entry2.o(.ARM.Collect$$$$00000001) refers to entry2.o(.ARM.Collect$$$$00002712) for __lit__00000000
    entry2.o(.ARM.Collect$$$$00002712) refers to startup_stm32l476xx.o(STACK) for __initial_sp
    entry2.o(__vectab_stack_and_reset_area) refers to startup_stm32l476xx.o(STACK) for __initial_sp
    entry2.o(__vectab_stack_and_reset_area) refers to entry.o(.ARM.Collect$$$$00000000) for __main
    entry5.o(.ARM.Collect$$$$00000004) refers to init.o(.text) for __scatterload
    entry9a.o(.ARM.Collect$$$$0000000B) refers to blinky.o(.text) for main
    entry9b.o(.ARM.Collect$$$$0000000C) refers to blinky.o(.text) for main
    uldiv.o(.text) refers to llushr.o(.text) for __aeabi_llsr
    uldiv.o(.text) refers to llshl.o(.text) for __aeabi_llsl
    dadd.o(.text) refers (Special) to iusefp.o(.text) for __I$use$fp
    dadd.o(.text) refers to llshl.o(.text) for __aeabi_llsl
    dadd.o(.text) refers to llsshr.o(.text) for __aeabi_lasr
    dadd.o(.text) refers to depilogue.o(.text) for _double_epilogue
    dmul.o(.text) refers (Special) to iusefp.o(.text) for __I$use$fp
    dmul.o(.text) refers to depilogue.o(.text) for _double_epilogue
    ddiv.o(.text) refers (Special) to iusefp.o(.text) for __I$use$fp
    ddiv.o(.text) refers to depilogue.o(.text) for _double_round
    dfixul.o(.text) refers (Special) to iusefp.o(.text) for __I$use$fp
    dfixul.o(.text) refers to llushr.o(.text) for __aeabi_llsr
    dfixul.o(.text) refers to llshl.o(.text) for __aeabi_llsl
    cdrcmple.o(.text) refers (Special) to iusefp.o(.text) for __I$use$fp
    init.o(.text) refers to entry5.o(.ARM.Collect$$$$00000004) for __main_after_scatterload
    depilogue.o(.text) refers (Special) to iusefp.o(.text) for __I$use$fp
    depilogue.o(.text) refers to llshl.o(.text) for __aeabi_llsl
    depilogue.o(.text) refers to llushr.o(.text) for __aeabi_llsr


==============================================================================

Removing Unused input sections from the image.

    Removing blinky.o(.ARM.exidx), (32 bytes).
    Removing blinky.o(.ARM.use_no_argv), (4 bytes).
    Removing stdout_usart.o(.ARM.exidx), (16 bytes).
    Removing buttons_nucleo-l476rg.o(.ARM.exidx), (32 bytes).
    Removing led_nucleo-l476rg.o(.ARM.exidx), (48 bytes).
    Removing led_nucleo-l476rg.o(.rodata.led_mask), (4 bytes).
    Removing retarget_io.o(.ARM.exidx), (40 bytes).
    Removing startup_stm32l476xx.o(HEAP), (512 bytes).
    Removing system_stm32l4xx.o(.ARM.exidx), (16 bytes).
    Removing system_stm32l4xx.o(.rodata.APBPrescTable), (8 bytes).
    Removing dadd.o(.text), (350 bytes).
    Removing dmul.o(.text), (234 bytes).
    Removing ddiv.o(.text), (222 bytes).
    Removing dfixul.o(.text), (48 bytes).
    Removing cdrcmple.o(.text), (48 bytes).
    Removing depilogue.o(.text), (186 bytes).

16 unused section(s) (total 1800 bytes) removed from the image.

==============================================================================

Image Symbol Table

    Local Symbols

    Symbol Name                              Value     Ov Type        Size  Object(Section)

    ../clib/division.s                       0x00000000   Number         0  aeabi_sdiv.o ABSOLUTE
    ../clib/microlib/division.c              0x00000000   Number         0  uidiv.o ABSOLUTE
    ../clib/microlib/division.c              0x00000000   Number         0  uldiv.o ABSOLUTE
    ../clib/microlib/init/entry.s            0x00000000   Number         0  entry.o ABSOLUTE
    ../clib/microlib/init/entry.s            0x00000000   Number         0  entry2.o ABSOLUTE
    ../clib/microlib/init/entry.s            0x00000000   Number         0  entry5.o ABSOLUTE
    ../clib/microlib/init/entry.s            0x00000000   Number         0  entry7a.o ABSOLUTE
    ../clib/microlib/init/entry.s            0x00000000   Number         0  entry7b.o ABSOLUTE
    ../clib/microlib/init/entry.s            0x00000000   Number         0  entry8a.o ABSOLUTE
    ../clib/microlib/init/entry.s            0x00000000   Number         0  entry8b.o ABSOLUTE
    ../clib/microlib/init/entry.s            0x00000000   Number         0  entry9a.o ABSOLUTE
    ../clib/microlib/init/entry.s            0x00000000   Number         0  entry9b.o ABSOLUTE
    ../clib/microlib/init/entry.s            0x00000000   Number         0  entry10a.o ABSOLUTE
    ../clib/microlib/init/entry.s            0x00000000   Number         0  entry10b.o ABSOLUTE
    ../clib/microlib/init/entry.s            0x00000000   Number         0  entry11a.o ABSOLUTE
    ../clib/microlib/init/entry.s            0x00000000   Number         0  entry11b.o ABSOLUTE
    ../clib/microlib/longlong.c              0x00000000   Number         0  llshl.o ABSOLUTE
    ../clib/microlib/longlong.c              0x00000000   Number         0  llushr.o ABSOLUTE
    ../clib/microlib/longlong.c              0x00000000   Number         0  llsshr.o ABSOLUTE
    ../clib/microlib/printf/printf.c         0x00000000   Number         0  printfb.o ABSOLUTE
    ../clib/microlib/printf/printf.c         0x00000000   Number         0  printf0.o ABSOLUTE
    ../clib/microlib/printf/printf.c         0x00000000   Number         0  printf1.o ABSOLUTE
    ../clib/microlib/printf/printf.c         0x00000000   Number         0  printf2.o ABSOLUTE
    ../clib/microlib/printf/printf.c         0x00000000   Number         0  printf3.o ABSOLUTE
    ../clib/microlib/printf/printf.c         0x00000000   Number         0  printf4.o ABSOLUTE
    ../clib/microlib/printf/printf.c         0x00000000   Number         0  printf5.o ABSOLUTE
    ../clib/microlib/printf/printf.c         0x00000000   Number         0  printf6.o ABSOLUTE
    ../clib/microlib/printf/printf.c         0x00000000   Number         0  printf7.o ABSOLUTE
    ../clib/microlib/printf/printf.c         0x00000000   Number         0  printf8.o ABSOLUTE
    ../clib/microlib/printf/printf.c         0x00000000   Number         0  printfa.o ABSOLUTE
    ../clib/microlib/printf/stubs.s          0x00000000   Number         0  printfstubs.o ABSOLUTE
    ../clib/microlib/stdio/fputs.c           0x00000000   Number         0  fputs.o ABSOLUTE
    ../clib/microlib/stdio/fputs.c           0x00000000   Number         0  fputs_e.o ABSOLUTE
    ../clib/microlib/stdio/fwrite.c          0x00000000   Number         0  fwrite.o ABSOLUTE
    ../clib/microlib/stdio/fwrite.c          0x00000000   Number         0  fwrite_e.o ABSOLUTE
    ../clib/microlib/stdio/streams.c         0x00000000   Number         0  stdout.o ABSOLUTE
    ../clib/microlib/stdio/streams.c         0x00000000   Number         0  stderr.o ABSOLUTE
    ../clib/microlib/stubs.s                 0x00000000   Number         0  iusefp.o ABSOLUTE
    ../fplib/microlib/fpadd.c                0x00000000   Number         0  dadd.o ABSOLUTE
    ../fplib/microlib/fpdiv.c                0x00000000   Number         0  ddiv.o ABSOLUTE
    ../fplib/microlib/fpepilogue.c           0x00000000   Number         0  depilogue.o ABSOLUTE
    ../fplib/microlib/fpfix.c                0x00000000   Number         0  dfixul.o ABSOLUTE
    ../fplib/microlib/fpmul.c                0x00000000   Number         0  dmul.o ABSOLUTE
    Blinky.c                                 0x00000000   Number         0  blinky.o ABSOLUTE
    Buttons_NUCLEO-L476RG.c                  0x00000000   Number         0  buttons_nucleo-l476rg.o ABSOLUTE
    LED_NUCLEO-L476RG.c                      0x00000000   Number         0  led_nucleo-l476rg.o ABSOLUTE
    RTE/Device/STM32L476RGTx/startup_stm32l476xx.s 0x00000000   Number         0  startup_stm32l476xx.o ABSOLUTE
    cdrcmple.s                               0x00000000   Number         0  cdrcmple.o ABSOLUTE
    dc.s                                     0x00000000   Number         0  dc.o ABSOLUTE
    handlers.s                               0x00000000   Number         0  handlers.o ABSOLUTE
    init.s                                   0x00000000   Number         0  init.o ABSOLUTE
    retarget_io.c                            0x00000000   Number         0  retarget_io.o ABSOLUTE
    stdout_USART.c                           0x00000000   Number         0  stdout_usart.o ABSOLUTE
    system_stm32l4xx.c                       0x00000000   Number         0  system_stm32l4xx.o ABSOLUTE
    RESET                                    0x08000000   Section      392  startup_stm32l476xx.o(RESET)
    .ARM.Collect$$$$00000000                 0x08000188   Section        0  entry.o(.ARM.Collect$$$$00000000)
    .ARM.Collect$$$$00000001                 0x08000188   Section        4  entry2.o(.ARM.Collect$$$$00000001)
    .ARM.Collect$$$$00000004                 0x0800018c   Section        4  entry5.o(.ARM.Collect$$$$00000004)
    .ARM.Collect$$$$00000008                 0x08000190   Section        0  entry7b.o(.ARM.Collect$$$$00000008)
    .ARM.Collect$$$$0000000A                 0x08000190   Section        0  entry8b.o(.ARM.Collect$$$$0000000A)
    .ARM.Collect$$$$0000000B                 0x08000190   Section        8  entry9a.o(.ARM.Collect$$$$0000000B)
    __lit__00000000                          0x08000198   Data           4  entry2.o(.ARM.Collect$$$$00002712)
    .ARM.Collect$$$$0000000D                 0x08000198   Section        0  entry10a.o(.ARM.Collect$$$$0000000D)
    .ARM.Collect$$$$0000000F                 0x08000198   Section        0  entry11a.o(.ARM.Collect$$$$0000000F)
    .ARM.Collect$$$$00002712                 0x08000198   Section        4  entry2.o(.ARM.Collect$$$$00002712)
    [Anonymous Symbol]                       0x0800019c   Section        0  blinky.o(.text)
    [Anonymous Symbol]                       0x08000434   Section        0  stdout_usart.o(.text)
    [Anonymous Symbol]                       0x080004a4   Section        0  buttons_nucleo-l476rg.o(.text)
    [Anonymous Symbol]                       0x08000510   Section        0  led_nucleo-l476rg.o(.text)
    [Anonymous Symbol]                       0x080005bc   Section        0  retarget_io.o(.text)
    $v0                                      0x08000698   Number         0  startup_stm32l476xx.o(.text)
    .text                                    0x08000698   Section       36  startup_stm32l476xx.o(.text)
    [Anonymous Symbol]                       0x080006bc   Section        0  system_stm32l4xx.o(.text)
    .text                                    0x080007ce   Section        0  uidiv.o(.text)
    .text                                    0x080007fc   Section       48  init.o(.text)
    i.__0printf$1                            0x0800082c   Section        0  printf1.o(i.__0printf$1)
    i.__scatterload_copy                     0x0800084c   Section       14  handlers.o(i.__scatterload_copy)
    i.__scatterload_null                     0x0800085a   Section        2  handlers.o(i.__scatterload_null)
    i.__scatterload_zeroinit                 0x0800085c   Section       14  handlers.o(i.__scatterload_zeroinit)
    _printf_core                             0x0800086d   Thumb Code   336  printf1.o(i._printf_core)
    i._printf_core                           0x0800086c   Section        0  printf1.o(i._printf_core)
    i.fputs                                  0x080009c6   Section        0  fputs.o(i.fputs)
    i.fwrite                                 0x080009de   Section        0  fwrite.o(i.fwrite)
    .data                                    0x20000000   Section        4  stdout.o(.data)
    .data                                    0x20000004   Section        4  stderr.o(.data)
    STACK                                    0x20000018   Section     1024  startup_stm32l476xx.o(STACK)

    Global Symbols

    Symbol Name                              Value     Ov Type        Size  Object(Section)

    BuildAttributes$$THM_ISAv4$E$P$D$K$B$S$7EM$VFPi3$EXTD16$VFPS$VFMA$PE$A:L22UL41UL21$X:L11$S22US41US21$IEEE1$IW$~IW$USESV6$~STKCKD$USESV7$~SHL$OTIME$ROPI$EBA8$MICROLIB$REQ8$PRES8$EABIv2 0x00000000   Number         0  anon$$obj.o ABSOLUTE
    _printf_a                                0x00000000   Number         0  printfstubs.o ABSOLUTE
    _printf_c                                0x00000000   Number         0  printfstubs.o ABSOLUTE
    _printf_charcount                        0x00000000   Number         0  printfstubs.o ABSOLUTE
    _printf_d                                0x00000000   Number         0  printfstubs.o ABSOLUTE
    _printf_e                                0x00000000   Number         0  printfstubs.o ABSOLUTE
    _printf_f                                0x00000000   Number         0  printfstubs.o ABSOLUTE
    _printf_flags                            0x00000000   Number         0  printfstubs.o ABSOLUTE
    _printf_fp_dec                           0x00000000   Number         0  printfstubs.o ABSOLUTE
    _printf_fp_hex                           0x00000000   Number         0  printfstubs.o ABSOLUTE
    _printf_g                                0x00000000   Number         0  printfstubs.o ABSOLUTE
    _printf_i                                0x00000000   Number         0  printfstubs.o ABSOLUTE
    _printf_int_dec                          0x00000000   Number         0  printfstubs.o ABSOLUTE
    _printf_l                                0x00000000   Number         0  printfstubs.o ABSOLUTE
    _printf_lc                               0x00000000   Number         0  printfstubs.o ABSOLUTE
    _printf_ll                               0x00000000   Number         0  printfstubs.o ABSOLUTE
    _printf_lld                              0x00000000   Number         0  printfstubs.o ABSOLUTE
    _printf_lli                              0x00000000   Number         0  printfstubs.o ABSOLUTE
    _printf_llo                              0x00000000   Number         0  printfstubs.o ABSOLUTE
    _printf_llu                              0x00000000   Number         0  printfstubs.o ABSOLUTE
    _printf_llx                              0x00000000   Number         0  printfstubs.o ABSOLUTE
    _printf_longlong_dec                     0x00000000   Number         0  printfstubs.o ABSOLUTE
    _printf_longlong_hex                     0x00000000   Number         0  printfstubs.o ABSOLUTE
    _printf_longlong_oct                     0x00000000   Number         0  printfstubs.o ABSOLUTE
    _printf_ls                               0x00000000   Number         0  printfstubs.o ABSOLUTE
    _printf_mbtowc                           0x00000000   Number         0  printfstubs.o ABSOLUTE
    _printf_n                                0x00000000   Number         0  printfstubs.o ABSOLUTE
    _printf_o                                0x00000000   Number         0  printfstubs.o ABSOLUTE
    _printf_p                                0x00000000   Number         0  printfstubs.o ABSOLUTE
    _printf_percent                          0x00000000   Number         0  printfstubs.o ABSOLUTE
    _printf_pre_padding                      0x00000000   Number         0  printfstubs.o ABSOLUTE
    _printf_return_value                     0x00000000   Number         0  printfstubs.o ABSOLUTE
    _printf_s                                0x00000000   Number         0  printfstubs.o ABSOLUTE
    _printf_sizespec                         0x00000000   Number         0  printfstubs.o ABSOLUTE
    _printf_str                              0x00000000   Number         0  printfstubs.o ABSOLUTE
    _printf_truncate_signed                  0x00000000   Number         0  printfstubs.o ABSOLUTE
    _printf_truncate_unsigned                0x00000000   Number         0  printfstubs.o ABSOLUTE
    _printf_u                                0x00000000   Number         0  printfstubs.o ABSOLUTE
    _printf_wc                               0x00000000   Number         0  printfstubs.o ABSOLUTE
    _printf_wctomb                           0x00000000   Number         0  printfstubs.o ABSOLUTE
    _printf_widthprec                        0x00000000   Number         0  printfstubs.o ABSOLUTE
    _printf_x                                0x00000000   Number         0  printfstubs.o ABSOLUTE
    __cpp_initialize__aeabi_                  - Undefined Weak Reference
    __cxa_finalize                            - Undefined Weak Reference
    __decompress                              - Undefined Weak Reference
    _clock_init                               - Undefined Weak Reference
    _microlib_exit                            - Undefined Weak Reference
    __Vectors_Size                           0x00000188   Number         0  startup_stm32l476xx.o ABSOLUTE
    __Vectors                                0x08000000   Data           4  startup_stm32l476xx.o(RESET)
    __Vectors_End                            0x08000188   Data           0  startup_stm32l476xx.o(RESET)
    __main                                   0x08000189   Thumb Code     0  entry.o(.ARM.Collect$$$$00000000)
    _main_stk                                0x08000189   Thumb Code     0  entry2.o(.ARM.Collect$$$$00000001)
    _main_scatterload                        0x0800018d   Thumb Code     0  entry5.o(.ARM.Collect$$$$00000004)
    __main_after_scatterload                 0x08000191   Thumb Code     0  entry5.o(.ARM.Collect$$$$00000004)
    _main_clock                              0x08000191   Thumb Code     0  entry7b.o(.ARM.Collect$$$$00000008)
    _main_cpp_init                           0x08000191   Thumb Code     0  entry8b.o(.ARM.Collect$$$$0000000A)
    _main_init                               0x08000191   Thumb Code     0  entry9a.o(.ARM.Collect$$$$0000000B)
    __rt_final_cpp                           0x08000199   Thumb Code     0  entry10a.o(.ARM.Collect$$$$0000000D)
    __rt_final_exit                          0x08000199   Thumb Code     0  entry11a.o(.ARM.Collect$$$$0000000F)
    SysTick_Handler                          0x0800019d   Thumb Code    16  blinky.o(.text)
    Delay                                    0x080001ad   Thumb Code    26  blinky.o(.text)
    SystemCoreClockConfigure                 0x080001c9   Thumb Code   128  blinky.o(.text)
    main                                     0x08000249   Thumb Code   440  blinky.o(.text)
    stdout_init                              0x08000435   Thumb Code    90  stdout_usart.o(.text)
    stdout_putchar                           0x08000491   Thumb Code    20  stdout_usart.o(.text)
    Buttons_Initialize                       0x080004a5   Thumb Code    64  buttons_nucleo-l476rg.o(.text)
    Buttons_Uninitialize                     0x080004e5   Thumb Code    20  buttons_nucleo-l476rg.o(.text)
    Buttons_GetState                         0x080004f9   Thumb Code    18  buttons_nucleo-l476rg.o(.text)
    Buttons_GetCount                         0x0800050d   Thumb Code     4  buttons_nucleo-l476rg.o(.text)
    LED_Initialize                           0x08000511   Thumb Code    82  led_nucleo-l476rg.o(.text)
    LED_Uninitialize                         0x08000565   Thumb Code     4  led_nucleo-l476rg.o(.text)
    LED_On                                   0x08000569   Thumb Code    24  led_nucleo-l476rg.o(.text)
    LED_Off                                  0x08000581   Thumb Code    26  led_nucleo-l476rg.o(.text)
    LED_SetOut                               0x0800059d   Thumb Code    28  led_nucleo-l476rg.o(.text)
    LED_GetCount                             0x080005b9   Thumb Code     4  led_nucleo-l476rg.o(.text)
    fputc                                    0x080005bd   Thumb Code    22  retarget_io.o(.text)
    fgetc                                    0x080005d5   Thumb Code     6  retarget_io.o(.text)
    __backspace                              0x080005dd   Thumb Code     6  retarget_io.o(.text)
    __aeabi_assert                           0x080005e5   Thumb Code   136  retarget_io.o(.text)
    abort                                    0x08000695   Thumb Code     2  retarget_io.o(.text)
    Reset_Handler                            0x08000699   Thumb Code     8  startup_stm32l476xx.o(.text)
    NMI_Handler                              0x080006a1   Thumb Code     2  startup_stm32l476xx.o(.text)
    HardFault_Handler                        0x080006a3   Thumb Code     2  startup_stm32l476xx.o(.text)
    MemManage_Handler                        0x080006a5   Thumb Code     2  startup_stm32l476xx.o(.text)
    BusFault_Handler                         0x080006a7   Thumb Code     2  startup_stm32l476xx.o(.text)
    UsageFault_Handler                       0x080006a9   Thumb Code     2  startup_stm32l476xx.o(.text)
    SVC_Handler                              0x080006ab   Thumb Code     2  startup_stm32l476xx.o(.text)
    DebugMon_Handler                         0x080006ad   Thumb Code     2  startup_stm32l476xx.o(.text)
    PendSV_Handler                           0x080006af   Thumb Code     2  startup_stm32l476xx.o(.text)
    ADC1_2_IRQHandler                        0x080006b3   Thumb Code     0  startup_stm32l476xx.o(.text)
    ADC3_IRQHandler                          0x080006b3   Thumb Code     0  startup_stm32l476xx.o(.text)
    CAN1_RX0_IRQHandler                      0x080006b3   Thumb Code     0  startup_stm32l476xx.o(.text)
    CAN1_RX1_IRQHandler                      0x080006b3   Thumb Code     0  startup_stm32l476xx.o(.text)
    CAN1_SCE_IRQHandler                      0x080006b3   Thumb Code     0  startup_stm32l476xx.o(.text)
    CAN1_TX_IRQHandler                       0x080006b3   Thumb Code     0  startup_stm32l476xx.o(.text)
    COMP_IRQHandler                          0x080006b3   Thumb Code     0  startup_stm32l476xx.o(.text)
    DFSDM1_FLT0_IRQHandler                   0x080006b3   Thumb Code     0  startup_stm32l476xx.o(.text)
    DFSDM1_FLT1_IRQHandler                   0x080006b3   Thumb Code     0  startup_stm32l476xx.o(.text)
    DFSDM1_FLT2_IRQHandler                   0x080006b3   Thumb Code     0  startup_stm32l476xx.o(.text)
    DFSDM1_FLT3_IRQHandler                   0x080006b3   Thumb Code     0  startup_stm32l476xx.o(.text)
    DMA1_Channel1_IRQHandler                 0x080006b3   Thumb Code     0  startup_stm32l476xx.o(.text)
    DMA1_Channel2_IRQHandler                 0x080006b3   Thumb Code     0  startup_stm32l476xx.o(.text)
    DMA1_Channel3_IRQHandler                 0x080006b3   Thumb Code     0  startup_stm32l476xx.o(.text)
    DMA1_Channel4_IRQHandler                 0x080006b3   Thumb Code     0  startup_stm32l476xx.o(.text)
    DMA1_Channel5_IRQHandler                 0x080006b3   Thumb Code     0  startup_stm32l476xx.o(.text)
    DMA1_Channel6_IRQHandler                 0x080006b3   Thumb Code     0  startup_stm32l476xx.o(.text)
    DMA1_Channel7_IRQHandler                 0x080006b3   Thumb Code     0  startup_stm32l476xx.o(.text)
    DMA2_Channel1_IRQHandler                 0x080006b3   Thumb Code     0  startup_stm32l476xx.o(.text)
    DMA2_Channel2_IRQHandler                 0x080006b3   Thumb Code     0  startup_stm32l476xx.o(.text)
    DMA2_Channel3_IRQHandler                 0x080006b3   Thumb Code     0  startup_stm32l476xx.o(.text)
    DMA2_Channel4_IRQHandler                 0x080006b3   Thumb Code     0  startup_stm32l476xx.o(.text)
    DMA2_Channel5_IRQHandler                 0x080006b3   Thumb Code     0  startup_stm32l476xx.o(.text)
    DMA2_Channel6_IRQHandler                 0x080006b3   Thumb Code     0  startup_stm32l476xx.o(.text)
    DMA2_Channel7_IRQHandler                 0x080006b3   Thumb Code     0  startup_stm32l476xx.o(.text)
    EXTI0_IRQHandler                         0x080006b3   Thumb Code     0  startup_stm32l476xx.o(.text)
    EXTI15_10_IRQHandler                     0x080006b3   Thumb Code     0  startup_stm32l476xx.o(.text)
    EXTI1_IRQHandler                         0x080006b3   Thumb Code     0  startup_stm32l476xx.o(.text)
    EXTI2_IRQHandler                         0x080006b3   Thumb Code     0  startup_stm32l476xx.o(.text)
    EXTI3_IRQHandler                         0x080006b3   Thumb Code     0  startup_stm32l476xx.o(.text)
    EXTI4_IRQHandler                         0x080006b3   Thumb Code     0  startup_stm32l476xx.o(.text)
    EXTI9_5_IRQHandler                       0x080006b3   Thumb Code     0  startup_stm32l476xx.o(.text)
    FLASH_IRQHandler                         0x080006b3   Thumb Code     0  startup_stm32l476xx.o(.text)
    FMC_IRQHandler                           0x080006b3   Thumb Code     0  startup_stm32l476xx.o(.text)
    FPU_IRQHandler                           0x080006b3   Thumb Code     0  startup_stm32l476xx.o(.text)
    I2C1_ER_IRQHandler                       0x080006b3   Thumb Code     0  startup_stm32l476xx.o(.text)
    I2C1_EV_IRQHandler                       0x080006b3   Thumb Code     0  startup_stm32l476xx.o(.text)
    I2C2_ER_IRQHandler                       0x080006b3   Thumb Code     0  startup_stm32l476xx.o(.text)
    I2C2_EV_IRQHandler                       0x080006b3   Thumb Code     0  startup_stm32l476xx.o(.text)
    I2C3_ER_IRQHandler                       0x080006b3   Thumb Code     0  startup_stm32l476xx.o(.text)
    I2C3_EV_IRQHandler                       0x080006b3   Thumb Code     0  startup_stm32l476xx.o(.text)
    LCD_IRQHandler                           0x080006b3   Thumb Code     0  startup_stm32l476xx.o(.text)
    LPTIM1_IRQHandler                        0x080006b3   Thumb Code     0  startup_stm32l476xx.o(.text)
    LPTIM2_IRQHandler                        0x080006b3   Thumb Code     0  startup_stm32l476xx.o(.text)
    LPUART1_IRQHandler                       0x080006b3   Thumb Code     0  startup_stm32l476xx.o(.text)
    OTG_FS_IRQHandler                        0x080006b3   Thumb Code     0  startup_stm32l476xx.o(.text)
    PVD_PVM_IRQHandler                       0x080006b3   Thumb Code     0  startup_stm32l476xx.o(.text)
    QUADSPI_IRQHandler                       0x080006b3   Thumb Code     0  startup_stm32l476xx.o(.text)
    RCC_IRQHandler                           0x080006b3   Thumb Code     0  startup_stm32l476xx.o(.text)
    RNG_IRQHandler                           0x080006b3   Thumb Code     0  startup_stm32l476xx.o(.text)
    RTC_Alarm_IRQHandler                     0x080006b3   Thumb Code     0  startup_stm32l476xx.o(.text)
    RTC_WKUP_IRQHandler                      0x080006b3   Thumb Code     0  startup_stm32l476xx.o(.text)
    SAI1_IRQHandler                          0x080006b3   Thumb Code     0  startup_stm32l476xx.o(.text)
    SAI2_IRQHandler                          0x080006b3   Thumb Code     0  startup_stm32l476xx.o(.text)
    SDMMC1_IRQHandler                        0x080006b3   Thumb Code     0  startup_stm32l476xx.o(.text)
    SPI1_IRQHandler                          0x080006b3   Thumb Code     0  startup_stm32l476xx.o(.text)
    SPI2_IRQHandler                          0x080006b3   Thumb Code     0  startup_stm32l476xx.o(.text)
    SPI3_IRQHandler                          0x080006b3   Thumb Code     0  startup_stm32l476xx.o(.text)
    SWPMI1_IRQHandler                        0x080006b3   Thumb Code     0  startup_stm32l476xx.o(.text)
    TAMP_STAMP_IRQHandler                    0x080006b3   Thumb Code     0  startup_stm32l476xx.o(.text)
    TIM1_BRK_TIM15_IRQHandler                0x080006b3   Thumb Code     0  startup_stm32l476xx.o(.text)
    TIM1_CC_IRQHandler                       0x080006b3   Thumb Code     0  startup_stm32l476xx.o(.text)
    TIM1_TRG_COM_TIM17_IRQHandler            0x080006b3   Thumb Code     0  startup_stm32l476xx.o(.text)
    TIM1_UP_TIM16_IRQHandler                 0x080006b3   Thumb Code     0  startup_stm32l476xx.o(.text)
    TIM2_IRQHandler                          0x080006b3   Thumb Code     0  startup_stm32l476xx.o(.text)
    TIM3_IRQHandler                          0x080006b3   Thumb Code     0  startup_stm32l476xx.o(.text)
    TIM4_IRQHandler                          0x080006b3   Thumb Code     0  startup_stm32l476xx.o(.text)
    TIM5_IRQHandler                          0x080006b3   Thumb Code     0  startup_stm32l476xx.o(.text)
    TIM6_DAC_IRQHandler                      0x080006b3   Thumb Code     0  startup_stm32l476xx.o(.text)
    TIM7_IRQHandler                          0x080006b3   Thumb Code     0  startup_stm32l476xx.o(.text)
    TIM8_BRK_IRQHandler                      0x080006b3   Thumb Code     0  startup_stm32l476xx.o(.text)
    TIM8_CC_IRQHandler                       0x080006b3   Thumb Code     0  startup_stm32l476xx.o(.text)
    TIM8_TRG_COM_IRQHandler                  0x080006b3   Thumb Code     0  startup_stm32l476xx.o(.text)
    TIM8_UP_IRQHandler                       0x080006b3   Thumb Code     0  startup_stm32l476xx.o(.text)
    TSC_IRQHandler                           0x080006b3   Thumb Code     0  startup_stm32l476xx.o(.text)
    UART4_IRQHandler                         0x080006b3   Thumb Code     0  startup_stm32l476xx.o(.text)
    UART5_IRQHandler                         0x080006b3   Thumb Code     0  startup_stm32l476xx.o(.text)
    USART1_IRQHandler                        0x080006b3   Thumb Code     0  startup_stm32l476xx.o(.text)
    USART2_IRQHandler                        0x080006b3   Thumb Code     0  startup_stm32l476xx.o(.text)
    USART3_IRQHandler                        0x080006b3   Thumb Code     0  startup_stm32l476xx.o(.text)
    WWDG_IRQHandler                          0x080006b3   Thumb Code     0  startup_stm32l476xx.o(.text)
    SystemInit                               0x080006bd   Thumb Code    82  system_stm32l4xx.o(.text)
    SystemCoreClockUpdate                    0x08000711   Thumb Code   190  system_stm32l4xx.o(.text)
    __aeabi_uidiv                            0x080007cf   Thumb Code     0  uidiv.o(.text)
    __aeabi_uidivmod                         0x080007cf   Thumb Code    44  uidiv.o(.text)
    __scatterload                            0x080007fd   Thumb Code    38  init.o(.text)
    __scatterload_rt2                        0x080007fd   Thumb Code     0  init.o(.text)
    __0printf$1                              0x0800082d   Thumb Code    22  printf1.o(i.__0printf$1)
    __1printf$1                              0x0800082d   Thumb Code     0  printf1.o(i.__0printf$1)
    __2printf                                0x0800082d   Thumb Code     0  printf1.o(i.__0printf$1)
    __scatterload_copy                       0x0800084d   Thumb Code    14  handlers.o(i.__scatterload_copy)
    __scatterload_null                       0x0800085b   Thumb Code     2  handlers.o(i.__scatterload_null)
    __scatterload_zeroinit                   0x0800085d   Thumb Code    14  handlers.o(i.__scatterload_zeroinit)
    fputs                                    0x080009c7   Thumb Code    24  fputs.o(i.fputs)
    fwrite                                   0x080009df   Thumb Code    40  fwrite.o(i.fwrite)
    AHBPrescTable                            0x08000a06   Data          16  system_stm32l4xx.o(.rodata.AHBPrescTable)
    MSIRangeTable                            0x08000a18   Data          48  system_stm32l4xx.o(.rodata.MSIRangeTable)
    Region$$Table$$Base                      0x08000a48   Number         0  anon$$obj.o(Region$$Table)
    Region$$Table$$Limit                     0x08000a68   Number         0  anon$$obj.o(Region$$Table)
    __stdout                                 0x20000000   Data           4  stdout.o(.data)
    __stderr                                 0x20000004   Data           4  stderr.o(.data)
    SystemCoreClock                          0x20000008   Data           4  system_stm32l4xx.o(.data.SystemCoreClock)
    msTicks                                  0x20000010   Data           4  blinky.o(.bss.msTicks)
    __initial_sp                             0x20000418   Data           0  startup_stm32l476xx.o(STACK)



==============================================================================

Memory Map of the image

  Image Entry point : 0x08000189

  Load Region LR_IROM1 (Base: 0x08000000, Size: 0x00000a78, Max: 0x00100000, ABSOLUTE)

    Execution Region ER_IROM1 (Exec base: 0x08000000, Load base: 0x08000000, Size: 0x00000a68, Max: 0x00100000, ABSOLUTE)

    Exec Addr    Load Addr    Size         Type   Attr      Idx    E Section Name        Object

    0x08000000   0x08000000   0x00000188   Data   RO           46    RESET               startup_stm32l476xx.o
    0x08000188   0x08000188   0x00000000   Code   RO           65  * .ARM.Collect$$$$00000000  mc_w.l(entry.o)
    0x08000188   0x08000188   0x00000004   Code   RO          339    .ARM.Collect$$$$00000001  mc_w.l(entry2.o)
    0x0800018c   0x0800018c   0x00000004   Code   RO          342    .ARM.Collect$$$$00000004  mc_w.l(entry5.o)
    0x08000190   0x08000190   0x00000000   Code   RO          344    .ARM.Collect$$$$00000008  mc_w.l(entry7b.o)
    0x08000190   0x08000190   0x00000000   Code   RO          346    .ARM.Collect$$$$0000000A  mc_w.l(entry8b.o)
    0x08000190   0x08000190   0x00000008   Code   RO          347    .ARM.Collect$$$$0000000B  mc_w.l(entry9a.o)
    0x08000198   0x08000198   0x00000000   Code   RO          349    .ARM.Collect$$$$0000000D  mc_w.l(entry10a.o)
    0x08000198   0x08000198   0x00000000   Code   RO          351    .ARM.Collect$$$$0000000F  mc_w.l(entry11a.o)
    0x08000198   0x08000198   0x00000004   Code   RO          340    .ARM.Collect$$$$00002712  mc_w.l(entry2.o)
    0x0800019c   0x0800019c   0x00000298   Code   RO            1    .text               blinky.o
    0x08000434   0x08000434   0x00000070   Code   RO           12    .text               stdout_usart.o
    0x080004a4   0x080004a4   0x0000006c   Code   RO           19    .text               buttons_nucleo-l476rg.o
    0x08000510   0x08000510   0x000000ac   Code   RO           27    .text               led_nucleo-l476rg.o
    0x080005bc   0x080005bc   0x000000da   Code   RO           36    .text               retarget_io.o
    0x08000696   0x08000696   0x00000002   PAD
    0x08000698   0x08000698   0x00000024   Code   RO           47    .text               startup_stm32l476xx.o
    0x080006bc   0x080006bc   0x00000112   Code   RO           53    .text               system_stm32l4xx.o
    0x080007ce   0x080007ce   0x0000002c   Code   RO          362    .text               mc_w.l(uidiv.o)
    0x080007fa   0x080007fa   0x00000002   PAD
    0x080007fc   0x080007fc   0x00000030   Code   RO          377    .text               mc_w.l(init.o)
    0x0800082c   0x0800082c   0x00000020   Code   RO          123    i.__0printf$1       mc_w.l(printf1.o)
    0x0800084c   0x0800084c   0x0000000e   Code   RO          389    i.__scatterload_copy  mc_w.l(handlers.o)
    0x0800085a   0x0800085a   0x00000002   Code   RO          390    i.__scatterload_null  mc_w.l(handlers.o)
    0x0800085c   0x0800085c   0x0000000e   Code   RO          391    i.__scatterload_zeroinit  mc_w.l(handlers.o)
    0x0800086a   0x0800086a   0x00000002   PAD
    0x0800086c   0x0800086c   0x0000015a   Code   RO          130    i._printf_core      mc_w.l(printf1.o)
    0x080009c6   0x080009c6   0x00000018   Code   RO           68    i.fputs             mc_w.l(fputs.o)
    0x080009de   0x080009de   0x00000028   Code   RO           70    i.fwrite            mc_w.l(fwrite.o)
    0x08000a06   0x08000a06   0x00000010   Data   RO           56    .rodata.AHBPrescTable  system_stm32l4xx.o
    0x08000a16   0x08000a16   0x00000002   PAD
    0x08000a18   0x08000a18   0x00000030   Data   RO           58    .rodata.MSIRangeTable  system_stm32l4xx.o
    0x08000a48   0x08000a48   0x00000020   Data   RO          388    Region$$Table       anon$$obj.o


    Execution Region RW_IRAM1 (Exec base: 0x20000000, Load base: 0x08000a68, Size: 0x00000418, Max: 0x00018000, ABSOLUTE)

    Exec Addr    Load Addr    Size         Type   Attr      Idx    E Section Name        Object

    0x20000000   0x08000a68   0x00000004   Data   RW           76    .data               mc_w.l(stdout.o)
    0x20000004   0x08000a6c   0x00000004   Data   RW           77    .data               mc_w.l(stderr.o)
    0x20000008   0x08000a70   0x00000004   Data   RW           55    .data.SystemCoreClock  system_stm32l4xx.o
    0x2000000c   0x08000a74   0x00000004   PAD
    0x20000010        -       0x00000004   Zero   RW            3    .bss.msTicks        blinky.o
    0x20000014   0x08000a74   0x00000004   PAD
    0x20000018        -       0x00000400   Zero   RW           44    STACK               startup_stm32l476xx.o


==============================================================================

Image component sizes


      Code (inc. data)   RO Data    RW Data    ZI Data      Debug   Object Name

       664         52          0          0          4       6711   blinky.o
       108          0          0          0          0       2375   buttons_nucleo-l476rg.o
       172          0          0          0          0       2835   led_nucleo-l476rg.o
       218         40          0          0          0       1909   retarget_io.o
        36          8        392          0       1024        892   startup_stm32l476xx.o
       112          0          0          0          0       2299   stdout_usart.o
       274          4         64          4          0       3243   system_stm32l4xx.o

    ----------------------------------------------------------------------
      1586        104        490          4       1036      20264   Object Totals
         0          0         32          0          0          0   (incl. Generated)
         2          0          2          0          8          0   (incl. Padding)

    ----------------------------------------------------------------------

      Code (inc. data)   RO Data    RW Data    ZI Data      Debug   Library Member Name

         0          0          0          0          0          0   entry.o
         0          0          0          0          0          0   entry10a.o
         0          0          0          0          0          0   entry11a.o
         8          4          0          0          0          0   entry2.o
         4          0          0          0          0          0   entry5.o
         0          0          0          0          0          0   entry7b.o
         0          0          0          0          0          0   entry8b.o
         8          4          0          0          0          0   entry9a.o
        24          0          0          0          0         80   fputs.o
        40          0          0          0          0         84   fwrite.o
        30          0          0          0          0          0   handlers.o
        48         10          0          0          0         68   init.o
       378         14          0          0          0        184   printf1.o
         0          0          0          4          0          0   stderr.o
         0          0          0          4          0          0   stdout.o
        44          0          0          0          0         80   uidiv.o

    ----------------------------------------------------------------------
       588         32          0          8          0        496   Library Totals
         4          0          0          0          0          0   (incl. Padding)

    ----------------------------------------------------------------------

      Code (inc. data)   RO Data    RW Data    ZI Data      Debug   Library Name

       584         32          0          8          0        496   mc_w.l

    ----------------------------------------------------------------------
       588         32          0          8          0        496   Library Totals

    ----------------------------------------------------------------------

==============================================================================


      Code (inc. data)   RO Data    RW Data    ZI Data      Debug   

      2174        136        490         12       1036      20708   Grand Totals
      2174        136        490         12       1036      20708   ELF Image Totals
      2174        136        490         12          0          0   ROM Totals

==============================================================================

    Total RO  Size (Code + RO Data)                 2664 (   2.60kB)
    Total RW  Size (RW Data + ZI Data)              1048 (   1.02kB)
    Total ROM Size (Code + RO Data + RW Data)       2676 (   2.61kB)

==============================================================================

